Jun 08, 2026 6:51:33 PM fusion.comerger.algorithm.merger.holisticMerge.MyLogging log
INFO: The preferred ontology has been set to (the priority of the input ontologies): equal

Jun 08, 2026 6:51:33 PM fusion.comerger.algorithm.merger.holisticMerge.MyLogging log
INFO: 2 input ontologies has been read and parsed into merged model. 

Jun 08, 2026 6:51:36 PM fusion.comerger.algorithm.merger.holisticMerge.MyLogging log
INFO: 
 Ontology: human.owl has been read. 
	 Number of classes: 3304	 Number of objectProperties: 2	 Number of dataProperties: 0	 Number of instances: 0	 Number of annotations: 15507	 TBOX size: 5441	 ABOX siz: 6104
 Ontology: mouse.owl has been read. 
	 Number of classes: 2744	 Number of objectProperties: 3	 Number of dataProperties: 0	 Number of instances: 0	 Number of annotations: 3451	 TBOX size: 4493	 ABOX siz: 345
Jun 08, 2026 6:51:36 PM fusion.comerger.algorithm.merger.holisticMerge.MyLogging log
INFO: Total time for reading all input ontologies and save their entities into the merged model is: 2747 ms. 

Jun 08, 2026 6:51:36 PM fusion.comerger.algorithm.merger.holisticMerge.MyLogging log
INFO: 1392 classes have been collapsed; 	 0 object properties have been collapsed; 	0 datatype properties have been collapsed. 

Jun 08, 2026 6:51:36 PM fusion.comerger.algorithm.merger.holisticMerge.MyLogging log
INFO: Total time for reading and parsing the corresponding entities between the input ontologies is: 109 ms. 

Jun 08, 2026 6:51:36 PM fusion.comerger.algorithm.merger.holisticMerge.MyLogging log
INFO: Number of corresponding classes: 1392, 	 Number of corresponding object properties: 0, 	 Number of corresponding dataproperties: 0. 

Jun 08, 2026 6:51:37 PM fusion.comerger.algorithm.merger.holisticMerge.MyLogging log
INFO: 11843 axioms have been rewritten based on the corresponding entities during collapsed process.
Jun 08, 2026 6:51:37 PM fusion.comerger.algorithm.merger.holisticMerge.MyLogging log
INFO: Replacing the corresponding entities with their reference entities (collapsed process) has been done successfully. Total time: 312 ms. 

Jun 08, 2026 6:51:37 PM fusion.comerger.algorithm.merger.holisticMerge.MyLogging log
INFO: A list of adjacent classes has been successfully created. Total time: 5 ms. 

Jun 08, 2026 6:51:37 PM fusion.comerger.algorithm.merger.holisticMerge.MyLogging log
INFO: Cluster assignment has been done successfully in with 1 iteration. Total time: 4 

Jun 08, 2026 6:51:37 PM fusion.comerger.algorithm.merger.holisticMerge.MyLogging log
INFO: Adding the properties of the classes to each cluster has been done successfully. Total time:  0 ms. 

Jun 08, 2026 6:51:37 PM fusion.comerger.algorithm.merger.holisticMerge.MyLogging log
INFO: Clustering has been done successfully. Total time for the whole process of clustering:  8 ms. 

Jun 08, 2026 6:51:37 PM fusion.comerger.algorithm.merger.holisticMerge.MyLogging log
INFO: No refinement has been done after clustering, since local refinement did not select.
Jun 08, 2026 6:51:37 PM fusion.comerger.algorithm.merger.holisticMerge.MyLogging log
INFO: Keeping a history of changes in the refinement step in following. 
 
Jun 08, 2026 6:51:37 PM fusion.comerger.algorithm.merger.holisticMerge.MyLogging log
INFO: No changes has been done in the class preservation refinement step!

Jun 08, 2026 6:51:37 PM fusion.comerger.algorithm.merger.holisticMerge.MyLogging log
INFO: Class preservation refinement step has been done successfully. Total time  8 ms. 

Jun 08, 2026 6:51:37 PM fusion.comerger.algorithm.merger.holisticMerge.MyLogging log
INFO: No changes has been done in the property preservation refinement step!

Jun 08, 2026 6:51:37 PM fusion.comerger.algorithm.merger.holisticMerge.MyLogging log
INFO: Property preservation refinement step has been done successfully. Total time  1 ms. 

Jun 08, 2026 6:51:37 PM fusion.comerger.algorithm.merger.holisticMerge.MyLogging log
INFO: No changes has been done in the instance preservation refinement step!

Jun 08, 2026 6:51:37 PM fusion.comerger.algorithm.merger.holisticMerge.MyLogging log
INFO: Instance refinement step has been done successfully. Total time  0 ms. 

Jun 08, 2026 6:51:37 PM fusion.comerger.algorithm.merger.holisticMerge.MyLogging log
INFO: Correspondence preservation refinement step has been done successfully. No changes has been done in this step. Total time  0 ms. 

Jun 08, 2026 6:51:37 PM fusion.comerger.algorithm.merger.holisticMerge.MyLogging log
INFO: Correspondence property preservation refinement step has been done successfully. No changes has been done in this step. Total time  0 ms. 

Jun 08, 2026 6:51:37 PM fusion.comerger.algorithm.merger.holisticMerge.MyLogging log
INFO: All Value of properties from the input ontologies have been preserved without any conflict. 

Jun 08, 2026 6:51:37 PM fusion.comerger.algorithm.merger.holisticMerge.MyLogging log
INFO: Property's value preservation refinement step has been done successfully. Total time  1 ms. 

Jun 08, 2026 6:51:37 PM fusion.comerger.algorithm.merger.holisticMerge.MyLogging log
INFO: structure preservation refinement step has been done successfully. Total time  4 ms. 

Jun 08, 2026 6:51:37 PM fusion.comerger.algorithm.merger.holisticMerge.MyLogging log
INFO: Class redundancy refinement step has been done successfully. There was no redundant classes in the merged ontology. Total time  0 ms. 

Jun 08, 2026 6:51:37 PM fusion.comerger.algorithm.merger.holisticMerge.MyLogging log
INFO: Property redundancy refinement step has been done successfully. There was no redundant properties in the merged ontology. Total time  0 ms. 

Jun 08, 2026 6:51:37 PM fusion.comerger.algorithm.merger.holisticMerge.MyLogging log
INFO: Instance redundancy refinement step has been done successfully. There was no redundant instances in the merged ontology. Total time  0 ms. 

Jun 08, 2026 6:51:37 PM fusion.comerger.algorithm.merger.holisticMerge.MyLogging log
INFO: Extraneous entity prohibition refinement step has been done successfully. Total time  347 ms. 

Jun 08, 2026 6:51:37 PM fusion.comerger.algorithm.merger.holisticMerge.MyLogging log
INFO: Property's domain and range oneness refinement step has been done successfully. Total time  0 ms. 

Jun 08, 2026 6:51:37 PM fusion.comerger.algorithm.merger.holisticMerge.MyLogging log
INFO: There was no cycle in the class hierarchy in the merged ontology. 

Jun 08, 2026 6:51:37 PM fusion.comerger.algorithm.merger.holisticMerge.MyLogging log
INFO: Acyclicity in the class hierarchy refinement step has been done successfully. Total time  29 ms. 

Jun 08, 2026 6:51:37 PM fusion.comerger.algorithm.merger.holisticMerge.MyLogging log
INFO: There was no cycle in the property hierarchy in the merged ontology.

Jun 08, 2026 6:51:37 PM fusion.comerger.algorithm.merger.holisticMerge.MyLogging log
INFO: Acyclicity in the property hierarchy refinement step has been done successfully. Total time  1 ms. 

Jun 08, 2026 6:51:37 PM fusion.comerger.algorithm.merger.holisticMerge.MyLogging log
INFO: There was no property with inverse relation of themselves in the merged ontology. 

Jun 08, 2026 6:51:37 PM fusion.comerger.algorithm.merger.holisticMerge.MyLogging log
INFO: Prohibition of properties being inverse of themselves refinement step has been done successfully. Total time  0 ms. 

Jun 08, 2026 6:51:37 PM fusion.comerger.algorithm.merger.holisticMerge.MyLogging log
INFO: The class: [http://www.geneontology.org/formats/oboInOwl#Synonym] has been connected to root of ontology. 
The class: [http://mouse.owl#MA_0000001] has been connected to root of ontology. 
The class: [http://www.geneontology.org/formats/oboInOwl#SynonymType] has been connected to root of ontology. 
The class: [http://www.geneontology.org/formats/oboInOwl#Definition] has been connected to root of ontology. 
The class: [http://www.geneontology.org/formats/oboInOwl#Subset] has been connected to root of ontology. 
The class: [http://www.geneontology.org/formats/oboInOwl#DbXref] has been connected to root of ontology. 
The class: [http://www.geneontology.org/formats/oboInOwl#ObsoleteClass] has been connected to root of ontology. 

Jun 08, 2026 6:51:37 PM fusion.comerger.algorithm.merger.holisticMerge.MyLogging log
INFO: Unconnected class prohibition refinement step has been done successfully. Total time  48 ms. 

Jun 08, 2026 6:51:37 PM fusion.comerger.algorithm.merger.holisticMerge.MyLogging log
INFO: There was no unconnected property in the merged ontology.

Jun 08, 2026 6:51:37 PM fusion.comerger.algorithm.merger.holisticMerge.MyLogging log
INFO: Unconnected property prohibition refinement step has been done successfully. Total time  0 ms. 

Jun 08, 2026 6:51:37 PM fusion.comerger.algorithm.merger.holisticMerge.MyLogging log
INFO: No changes has been done in the entailment preservation step!

Jun 08, 2026 6:51:37 PM fusion.comerger.algorithm.merger.holisticMerge.MyLogging log
INFO: Entailment deduction refinement step has been done successfully. Total time  284 ms. 

Jun 08, 2026 6:51:37 PM fusion.comerger.algorithm.merger.holisticMerge.MyLogging log
INFO: One type restriction refinement step has been done successfully. Total time  0 ms. 

Jun 08, 2026 6:51:44 PM fusion.comerger.algorithm.merger.holisticMerge.MyLogging log
INFO: There was not any conflict on all cardinality restriction or OWLObjectSome-AllValuesFrom.
Jun 08, 2026 6:51:44 PM fusion.comerger.algorithm.merger.holisticMerge.MyLogging log
INFO: Property value's constraint refinement step has been done successfully. Total time  6124 ms. 

Jun 08, 2026 6:51:44 PM fusion.comerger.algorithm.merger.holisticMerge.MyLogging log
INFO: 	 --------->  Refinement step in interMerge step has been done successfully. Total time  6935 ms. 

Jun 08, 2026 6:51:44 PM fusion.comerger.algorithm.merger.holisticMerge.MyLogging log
INFO: Save the created merged ontology in RDFtype format. Total time  242 ms. 

Jun 08, 2026 6:51:44 PM fusion.comerger.algorithm.merger.holisticMerge.MyLogging log
INFO: Create a zip file of the created merged ontology with name: MergedOnt979.zip. Total time  51 ms. 

Jun 08, 2026 6:51:44 PM fusion.comerger.algorithm.merger.holisticMerge.MyLogging log
INFO: Save the created merged ontology in RDFtype format. Total time  160 ms. 

Jun 08, 2026 6:51:44 PM fusion.comerger.algorithm.merger.holisticMerge.MyLogging log
INFO: Create a zip file of the created merged ontology with name: subMergedOntologies.zip. Total time  45 ms. 

Jun 08, 2026 6:51:44 PM fusion.comerger.algorithm.merger.holisticMerge.MyLogging log
INFO: Merger phase (intra and inter merge) has been done successfully. Total time  7436 ms. 

Jun 08, 2026 6:51:44 PM fusion.comerger.algorithm.merger.holisticMerge.MyLogging log
INFO: The merged ontology name: MergedOnt979.owl	 Number of classes: 4646	 Number of objectProperties: 4	 Number of dataProperties: 0	 Number of annotations: 18958	 Number of instances: 0	 TBOX size: 9473	 ABOX siz: 6449
Jun 08, 2026 6:51:44 PM fusion.comerger.algorithm.merger.holisticMerge.MyLogging log
INFO: *** done! Congratulation. Merging ontologies has been done successfully. Total time  10759 ms. 

